// Jest Snapshot v1, https://goo.gl/fbAQLP

exports[`renders cell with the correct text and looks 1`] = `
<span>
  cell fake text
</span>
`;
