// Jest Snapshot v1, https://goo.gl/fbAQLP

exports[`renderes title correctly with the correct looks 1`] = `
<tr>
  <span
    class=" flex pt-2 pl-3"
  >
    dummy text title to test
  </span>
</tr>
`;
